// Jest Snapshot v1, https://goo.gl/fbAQLP

exports[`<Rules /> renders without crashing 1`] = `
<section
  className="Rules"
/>
`;
