// Jest Snapshot v1, https://goo.gl/fbAQLP

exports[`<CardDemo /> renders without crashing 1`] = `
<section
  className="CardDemo"
>
  <h2
    className="CardDemo--head"
  >
    Play an online adaptation of Cards Against Humanity®️
  </h2>
  <ContextConsumer>
    <Component />
  </ContextConsumer>
</section>
`;
