// Jest Snapshot v1, https://goo.gl/fbAQLP

exports[`<Hero /> renders without crashing 1`] = `
<section
  className="Hero"
>
  <div
    className="Hero--text"
  >
    <h1 />
    <h3 />
  </div>
</section>
`;
