// Jest Snapshot v1, https://goo.gl/fbAQLP

exports[`<LandingPage /> renders without crashing 1`] = `
<Fragment>
  <Hero
    heading="Antisocially Arranged Words"
    subHeading="Bringing the horrible coffee table game across the web."
  />
  <LearnMore />
</Fragment>
`;
