// Jest Snapshot v1, https://goo.gl/fbAQLP

exports[`<App /> renders without error 1`] = `
<div
  className="App"
>
  <Route
    component={[Function]}
    path="/:roomId"
  />
</div>
`;
